Kyra Helmbold

Level 0:
password: bandit0

how to get:
$ ssh -p 2220 bandit0@bandit.labs.overthewire.org
 
 * some stuff*

bandit0@bandit.labs.overthewire.org's password: 
bandit0


Level 0 -> Level 1:
password: NH2SXQwcBdpmTEzi3bvBHMM9H66vVXjL

how to get:
bandit0@bandit:~$ cat readme


Level 1 -> Level 2:
password: rRGizSaX8Mk1RTb1CNQoXTcYZWU6lgzi

how to get:
bandit1@bandit:~$ cat ./-

I used the find command to find that the - file could also be accessed with a ./
bandit1@bandit:~$ find


Level 2 -> Level 3
password: aBZ0W5EmUfAf7kHTQeOwd8bauFJ2lAiG

how to get:
bandit2@bandit:~$ cat "spaces in this filename"


Level 3 -> Level 4:
password: 2EW7BBsr6aMMoJ2HjW067dm8EgX26xNe

how to get:
bandit3@bandit:~$ ls
inhere
bandit3@bandit:~$ cd inhere
bandit3@bandit:~/inhere$ ls
bandit3@bandit:~/inhere$ find
.
./.hidden
bandit3@bandit:~/inhere$ cat ./.hidden

Level 4 -> Level 5:
password: lrIWWI6bB37kxfiCQZqUdOIYfr6eEeqR

how to get:
cd into inhere, type cat ./-file07

bandit4@bandit:~$ ls
inhere
bandit4@bandit:~$ cd inhere
bandit4@bandit:~/inhere$ find
.
./-file01
./-file02
./-file08
./-file06
./-file00
./-file04
./-file05
./-file07
./-file03
./-file09
bandit4@bandit:~/inhere$ cat ./-file01
7L3??Y?ͯ	Ŵ????E?Y?ܚ	?V&??h?F?bandit4@bandit:~/inhere$ 
bandit4@bandit:~/inhere$ cat ./-file02
??y???O̫??`?\?-⃐?Hx??2??Kbandit4@bandit:~/inhere$ 
bandit4@bandit:~/inhere$ cat ./-file08
???K?~?+??9"T???*Z$???"?r?
?bandit4@bandit:~/inhere$ cat ./-file06
G=1???????B׃?"
              ???W??9ؽ5bandit4@bandit:~/inhere$ 
bandit4@bandit:~/inhere$ cat ./-file0-
cat: ./-file0-: No such file or directory
bandit4@bandit:~/inhere$ cat ./-file00
QRrtZ?i?	?H
                  |??ȧ????^??bandit4@bandit:~/inhere$ 
bandit4@bandit:~/inhere$ cat ./-file04
??gQ??eE}:?g???j8??????<.?ebandit4@bandit:~/inhere$ 
bandit4@bandit:~/inhere$ cat ./-file05
??S܁?e 0?????]7???????b?<?~bandit4@bandit:~/inhere$ 
bandit4@bandit:~/inhere$ cat ./-file07
lrIWWI6bB37kxfiCQZqUdOIYfr6eEeqR


Level 5 -> Level 6:
password: P4L4vucdmLnm8I7Vl7jG1ApGSfjYKqJU

how to get:

bandit5@bandit:~$ cd inhere
bandit5@bandit:~/inhere$ du --bytes -a
4821	./maybehere14/.file3
871	./maybehere14/spaces file2
8351	./maybehere14/-file2
4282	./maybehere14/-file1

...

1033	./maybehere07/.file2

... 

7186	./maybehere19/spaces file1
4740	./maybehere19/.file2
54678	./maybehere19
888462	.


bandit5@bandit:~/inhere$ cat ./maybehere07/.file2


cd into inhere
bandit5@bandit:~/inhere$ du -b
(The above gets the size in bytes of all the subdirectories/file)

bandit5@bandit:~/inhere/maybehere14$ du -a
(The above gets all the subdirectories and things)

resources used:
https://man7.org/linux/man-pages/man1/du.1.html 


Level 6 -> Level 7:
password: z7WtoNQU2XfjmMtWA8u5rN4vzqu4v99S

How to solve:
cd into root directory
find -user bandit7 -group bandit6
--> this will output a lot of stuff

find: ‘./etc/ssl/private’: Permission denied
find: ‘./etc/polkit-1/localauthority’: Permission denied
find: ‘./etc/sudoers.d’: Permission denied
find: ‘./etc/multipath’: Permission denied
find: ‘./root’: Permission denied
...
./var/lib/dpkg/info/bandit7.password
...
find: ‘./run/systemd/propagate’: Permission denied
find: ‘./run/systemd/unit-root’: Permission denied
find: ‘./run/systemd/inaccessible/dir’: Permission denied
find: ‘./run/lock/lvm’: Permission denied

cat ./var/lib/dpkg/info/bandit7.password

Notes:
bandit6@bandit:~$ du -a -b
807	./.profile
3771	./.bashrc
220	./.bash_logout
8894	.
bandit6@bandit:~$ ls
bandit6@bandit:~$ find
.
./.profile
./.bashrc
./.bash_logout
bandit6@bandit:~$ 

cat ./.profile, ./.bashrc, ./.bash_logout are confusing
cat ~/.profile

ls -a -l
du -a | grep bandit7 
--> it says no :(

bandit6@bandit:/home/bandit7$ du -a --bytes
4184396	./data.txt
807	./.profile
3771	./.bashrc
220	./.bash_logout
4193290	.

file data.txt
data.txt: regular file, no read permission

Find: use -user and -group

resources used:
https://man7.org/linux/man-pages/man1/ls.1.html 
https://man7.org/linux/man-pages/man1/find.1.html 
https://mayadevbe.me/posts/overthewire/bandit/level7/ 
Jeff's slack message


Level 7 -> Level 8
password: TESKZC0XvTetK0S9xNwm25STk5iWrBvP

how to get:
grep millionth data.txt

resources used:
grep --help
https://www.howtogeek.com/496056/how-to-use-the-grep-command-on-linux/ 

Level 8 -> Level 9
password: EN632PlfYiZbn3PhVK3XOGSlNInNE00t

how to get:
bandit8@bandit:~$ sort data.txt | uniq -u

sort uniq.txt | uniq -u

notes:
it appears uniq -c uniq.txt and uniq -u uniq.txt don't actually get unique stuff, only the stuff that isn't repeated right next to itself...
need to sort
resources used:
https://www.geeksforgeeks.org/uniq-command-in-linux-with-examples/ 


Level 9 -> Level 10
password: G7w8LIi6J3kTb8A7j9LgrywtEUlyyp6s

how to get:
cat data.txt, cmd + f "===", look for readable strings...


notes:
it looks like you can't grep == signs normally 
need to use -i tag? no need --text tag
strings txt 

resources used:
https://stackoverflow.com/questions/23512852/grep-binary-file-matches-how-to-get-normal-grep-output


Level 10 -> Level 11
password: 6zPeziLdR2RKNdNYFNb6nVCKzphlXHBM

how to get:
base64 --decode data.txt

resources used:
https://www.serverlab.ca/tutorials/linux/administration-linux/how-to-base64-encode-and-decode-from-command-line/


Level 11 -> Level 12:
password: JVNBBFSmZwKKOP0XbFXOoW8chDz5yVRv

how to get:
cat data.txt | tr 'abcdefghijklmnopqrstuvwxyzABCDEFGHIJKLMNOPQRSTUVWXYZ' 'nopqrstuvwxyzabcdefghijklmNOPQRSTUVWXYZABCDEFGHIJKLM'
-- definitely a better way to do this

use tr 
cat uniq.txt | tr 'A-Za-z' 'N-ZA-Mn-za-m'
tr [a-z] [z-a]

resources used:
https://www.howtogeek.com/427805/how-to-use-the-strings-command-on-linux/
https://linuxize.com/post/linux-tr-command/
https://www.howtogeek.com/886723/how-to-use-the-linux-tr-command/ 


Level 12 -> Level 13
password: wbWdlBxEir4CaE8LaPhauuOo6pwRmrDw

how to get:
bandit12@bandit:/tmp/frog$ cat ../../home/bandit12/data.txt > data.txt
xxd -r data.txt > compress1.txt
mv compress1.txt compress1.gz (this is GZ because the hex header is \x1F\x8B\x08)
gzip -d compress1.gz
--> now we have a file called compress1
xxd compress1 > hex2 
--> header is 425a which matches bzip
cp compress1 compress2
mv compress2 compress2.bz2
bzip2 -d compress2.bz2
xxd compress2 hex3
cat hex3 (wow starts with gz header)
bandit12@bandit:/tmp/frog$ cp compress2 compress3
bandit12@bandit:/tmp/frog$ mv compress3 compress3.gz
bandit12@bandit:/tmp/frog$ gzip -d compress3.gz
we have a funny file now --> use tar
cp compress3 compress4.tar
tar -xf compress4.tar
--> now we have a file called data5.bin
tar -xf data5.bin
xxd data6.bin --> looks like a bzip
cp data6.bin data6.bz2
bzip2 -d data6.bz2
xxd data6 --> looks like a tar
tar -xf data6
--> now we have data8
xxd data8.bin --> looks like a gzip (1f8b)
mv data8.bin data8.gz
gzip -d data8.gz
bandit12@bandit:/tmp/frog$ cat data8
The password is wbWdlBxEir4CaE8LaPhauuOo6pwRmrDw
cd rm -rf /tmp/frog


hexdump uniq.txt | xxd -r > undone.txt --> bad


resources used: 
xxd --help
https://stackoverflow.com/questions/43724144/hexdump-reverse-command
https://linuxize.com/post/gzip-command-in-linux/ 
https://mayadevbe.me/posts/overthewire/bandit/level13/ 


Level 13 -> Level 14
password:

how to solve:
--> save sshkey.private to my machine
scp -P 2220 bandit13@bandit.labs.overthewire.org:sshkey.private .
--> change perms so others cannot read this file or do anything (chmod 700 sshkey.private)

login w/ this key:
ssh -i sshkey.private bandit14@bandit.labs.overthewire.org -p 2220


bandit13@bandit:~$ cat sshkey.private
-----BEGIN RSA PRIVATE KEY-----
MIIEpAIBAAKCAQEAxkkOE83W2cOT7IWhFc9aPaaQmQDdgzuXCv+ppZHa++buSkN+
gg0tcr7Fw8NLGa5+Uzec2rEg0WmeevB13AIoYp0MZyETq46t+jk9puNwZwIt9XgB
ZufGtZEwWbFWw/vVLNwOXBe4UWStGRWzgPpEeSv5Tb1VjLZIBdGphTIK22Amz6Zb
ThMsiMnyJafEwJ/T8PQO3myS91vUHEuoOMAzoUID4kN0MEZ3+XahyK0HJVq68KsV
ObefXG1vvA3GAJ29kxJaqvRfgYnqZryWN7w3CHjNU4c/2Jkp+n8L0SnxaNA+WYA7
jiPyTF0is8uzMlYQ4l1Lzh/8/MpvhCQF8r22dwIDAQABAoIBAQC6dWBjhyEOzjeA
J3j/RWmap9M5zfJ/wb2bfidNpwbB8rsJ4sZIDZQ7XuIh4LfygoAQSS+bBw3RXvzE
pvJt3SmU8hIDuLsCjL1VnBY5pY7Bju8g8aR/3FyjyNAqx/TLfzlLYfOu7i9Jet67
xAh0tONG/u8FB5I3LAI2Vp6OviwvdWeC4nOxCthldpuPKNLA8rmMMVRTKQ+7T2VS
nXmwYckKUcUgzoVSpiNZaS0zUDypdpy2+tRH3MQa5kqN1YKjvF8RC47woOYCktsD
o3FFpGNFec9Taa3Msy+DfQQhHKZFKIL3bJDONtmrVvtYK40/yeU4aZ/HA2DQzwhe
ol1AfiEhAoGBAOnVjosBkm7sblK+n4IEwPxs8sOmhPnTDUy5WGrpSCrXOmsVIBUf
laL3ZGLx3xCIwtCnEucB9DvN2HZkupc/h6hTKUYLqXuyLD8njTrbRhLgbC9QrKrS
M1F2fSTxVqPtZDlDMwjNR04xHA/fKh8bXXyTMqOHNJTHHNhbh3McdURjAoGBANkU
1hqfnw7+aXncJ9bjysr1ZWbqOE5Nd8AFgfwaKuGTTVX2NsUQnCMWdOp+wFak40JH
PKWkJNdBG+ex0H9JNQsTK3X5PBMAS8AfX0GrKeuwKWA6erytVTqjOfLYcdp5+z9s
8DtVCxDuVsM+i4X8UqIGOlvGbtKEVokHPFXP1q/dAoGAcHg5YX7WEehCgCYTzpO+
xysX8ScM2qS6xuZ3MqUWAxUWkh7NGZvhe0sGy9iOdANzwKw7mUUFViaCMR/t54W1
GC83sOs3D7n5Mj8x3NdO8xFit7dT9a245TvaoYQ7KgmqpSg/ScKCw4c3eiLava+J
3btnJeSIU+8ZXq9XjPRpKwUCgYA7z6LiOQKxNeXH3qHXcnHok855maUj5fJNpPbY
iDkyZ8ySF8GlcFsky8Yw6fWCqfG3zDrohJ5l9JmEsBh7SadkwsZhvecQcS9t4vby
9/8X4jS0P8ibfcKS4nBP+dT81kkkg5Z5MohXBORA7VWx+ACohcDEkprsQ+w32xeD
qT1EvQKBgQDKm8ws2ByvSUVs9GjTilCajFqLJ0eVYzRPaY6f++Gv/UVfAPV4c+S0
kAWpXbv5tbkkzbS0eaLPTKgLzavXtQoTtKwrjpolHKIHUz6Wu+n4abfAIRFubOdN
/+aLoRQ0yBDRbdXMsZN/jvY44eM+xRLdRVyMmdPtP8belRi2E2aEzA==
-----END RSA PRIVATE KEY-----


resources used: https://mayadevbe.me/posts/overthewire/bandit/level14/


Level 14 -> Level 15
password: jN2kgmIXJ6fShzhT2avhotn4Zcka6tnt

how to solve:

bandit14@bandit:~$ cat /etc/bandit_pass/bandit14
fGrHPx402xGC7U7rXKDaxiWFTOiF0ENq

bandit14@bandit:~$ nc localhost 30000
fGrHPx402xGC7U7rXKDaxiWFTOiF0ENq
Correct!
jN2kgmIXJ6fShzhT2avhotn4Zcka6tnt



bandit14@bandit:~$ cd .ssh
bandit14@bandit:~/.ssh$ ls
authorized_keys
bandit14@bandit:~/.ssh$ cat authorized_keys
ssh-rsa AAAAB3NzaC1yc2EAAAADAQABAAABAQDGSQ4TzdbZw5PshaEVz1o9ppCZAN2DO5cK/6mlkdr75u5KQ36CDS1yvsXDw0sZrn5TN5zasSDRaZ568HXcAihinQxnIROrjq36OT2m43BnAi31eAFm58a1kTBZsVbD+9Us3A5cF7hRZK0ZFbOA+kR5K/lNvVWMtkgF0amFMgrbYCbPpltOEyyIyfIlp8TAn9Pw9A7ebJL3W9QcS6g4wDOhQgPiQ3QwRnf5dqHIrQclWrrwqxU5t59cbW+8DcYAnb2TElqq9F+BiepmvJY3vDcIeM1Thz/YmSn6fwvRKfFo0D5ZgDuOI/JMXSKzy7MyVhDiXUvOH/z8ym+EJAXyvbZ3 rudy@localhost


Level 15 -> Level 16
password: JQttfApK4SeyHwDlI9SXGR50qclOAil1

how to get:
openssl s_client -connect localhost:30001
openssl s_client localhost:30001

jN2kgmIXJ6fShzhT2avhotn4Zcka6tnt
Correct!
JQttfApK4SeyHwDlI9SXGR50qclOAil1

resources used:
https://mayadevbe.me/posts/overthewire/bandit/level16/